TAP version 13
# Subtest: actual bootstrap CLI emits one guarded schema transaction with exact supplements then 12 native baselines
not ok 1 - actual bootstrap CLI emits one guarded schema transaction with exact supplements then 12 native baselines
  ---
  duration_ms: 74.669792
  type: 'test'
  location: '/Users/cem/projects/collab-final-database-bootstrap/tests/security/bootstrap-recipe.test.cjs:49:1'
  failureType: 'testCodeFailure'
  error: |-
    Expected values to be strictly deep-equal:
    + actual - expected
    
      [
        '-X',
        '-q',
    -   '-w',
        '-v',
        'ON_ERROR_STOP=1',
        '--file=-'
      ]
    
  code: 'ERR_ASSERTION'
  name: 'AssertionError'
  expected:
    0: '-X'
    1: '-q'
    2: '-w'
    3: '-v'
    4: 'ON_ERROR_STOP=1'
    5: '--file=-'
  actual:
    0: '-X'
    1: '-q'
    2: '-v'
    3: 'ON_ERROR_STOP=1'
    4: '--file=-'
  operator: 'deepStrictEqual'
  stack: |-
    TestContext.<anonymous> (/Users/cem/projects/collab-final-database-bootstrap/tests/security/bootstrap-recipe.test.cjs:54:10)
    Test.runInAsyncScope (node:async_hooks:214:14)
    Test.run (node:internal/test_runner/test:1047:25)
    Test.start (node:internal/test_runner/test:944:17)
    startSubtestAfterBootstrap (node:internal/test_runner/harness:296:17)
  ...
# Subtest: changed schema refuses before generation or connection
ok 2 - changed schema refuses before generation or connection
  ---
  duration_ms: 55.728792
  type: 'test'
  ...
# Subtest: changed migration refuses before generation or connection
ok 3 - changed migration refuses before generation or connection
  ---
  duration_ms: 62.841417
  type: 'test'
  ...
# Subtest: changed added-history refuses before generation or connection
ok 4 - changed added-history refuses before generation or connection
  ---
  duration_ms: 54.908
  type: 'test'
  ...
# Subtest: changed cli refuses before generation or connection
ok 5 - changed cli refuses before generation or connection
  ---
  duration_ms: 59.598292
  type: 'test'
  ...
# Subtest: nonempty does not retry, reset or guess successful baselining
ok 6 - nonempty does not retry, reset or guess successful baselining
  ---
  duration_ms: 59.1395
  type: 'test'
  ...
# Subtest: lost does not retry, reset or guess successful baselining
ok 7 - lost does not retry, reset or guess successful baselining
  ---
  duration_ms: 59.460583
  type: 'test'
  ...
# Subtest: diff does not retry, reset or guess successful baselining
ok 8 - diff does not retry, reset or guess successful baselining
  ---
  duration_ms: 57.398334
  type: 'test'
  ...
# Subtest: resolve does not retry, reset or guess successful baselining
ok 9 - resolve does not retry, reset or guess successful baselining
  ---
  duration_ms: 63.285375
  type: 'test'
  ...
# Subtest: invalid intent and unsupported target options never generate or connect
ok 10 - invalid intent and unsupported target options never generate or connect
  ---
  duration_ms: 141.378667
  type: 'test'
  ...
# Subtest: transport must be explicit and remote plaintext refuses before child processes
not ok 11 - transport must be explicit and remote plaintext refuses before child processes
  ---
  duration_ms: 66.536708
  type: 'test'
  location: '/Users/cem/projects/collab-final-database-bootstrap/tests/security/bootstrap-recipe.test.cjs:97:1'
  failureType: 'testCodeFailure'
  error: |-
    Expected values to be strictly equal:
    
    0 !== 1
    
  code: 'ERR_ASSERTION'
  name: 'AssertionError'
  expected: 1
  actual: 0
  operator: 'strictEqual'
  stack: |-
    TestContext.<anonymous> (/Users/cem/projects/collab-final-database-bootstrap/tests/security/bootstrap-recipe.test.cjs:101:12)
    Test.runInAsyncScope (node:async_hooks:214:14)
    Test.run (node:internal/test_runner/test:1047:25)
    Test.processPendingSubtests (node:internal/test_runner/test:744:18)
    Test.postRun (node:internal/test_runner/test:1173:19)
    Test.run (node:internal/test_runner/test:1101:12)
    async Test.processPendingSubtests (node:internal/test_runner/test:744:7)
  ...
# Subtest: psql ENOENT classification stops without baselines
not ok 12 - psql ENOENT classification stops without baselines
  ---
  duration_ms: 63.34175
  type: 'test'
  location: '/Users/cem/projects/collab-final-database-bootstrap/tests/security/bootstrap-recipe.test.cjs:109:48'
  failureType: 'testCodeFailure'
  error: |-
    The input did not match the regular expression /Install the PostgreSQL psql client/. Input:
    
    'Bootstrap outcome is unconfirmed. Keep the app and worker disabled; inspect the selected database before any retry or reset.\n'
    
  code: 'ERR_ASSERTION'
  name: 'AssertionError'
  expected:
  actual: |-
    Bootstrap outcome is unconfirmed. Keep the app and worker disabled; inspect the selected database before any retry or reset.
    
  operator: 'match'
  stack: |-
    TestContext.<anonymous> (/Users/cem/projects/collab-final-database-bootstrap/tests/security/bootstrap-recipe.test.cjs:112:10)
    Test.runInAsyncScope (node:async_hooks:214:14)
    Test.run (node:internal/test_runner/test:1047:25)
    Test.processPendingSubtests (node:internal/test_runner/test:744:18)
    Test.postRun (node:internal/test_runner/test:1173:19)
    Test.run (node:internal/test_runner/test:1101:12)
    async Test.processPendingSubtests (node:internal/test_runner/test:744:7)
  ...
# Subtest: psql ETIMEDOUT classification stops without baselines
ok 13 - psql ETIMEDOUT classification stops without baselines
  ---
  duration_ms: 58.131958
  type: 'test'
  ...
1..13
# tests 13
# suites 0
# pass 10
# fail 3
# cancelled 0
# skipped 0
# todo 0
# duration_ms 937.526708
